// Jest Snapshot v1, https://goo.gl/fbAQLP

exports[`Header should match the snapshot 1`] = `
<div>
  <header
    class="sc-AxjAm hnzZeL"
  >
    <a
      class="sc-AxirZ gVDPQE"
    >
      Home
    </a>
    <a
      class="sc-AxirZ jIokEl"
    >
      About
    </a>
    <a
      class="sc-AxirZ jIokEl"
    >
      Client-only
    </a>
  </header>
</div>
`;
