// Jest Snapshot v1, https://goo.gl/fbAQLP

exports[`Section should match the snapshot 1`] = `
<div>
  <section
    class="sc-AxjAm fnqROF"
  >
    Info
  </section>
</div>
`;
