// Jest Snapshot v1, https://goo.gl/fbAQLP

exports[`InfoBox should match the snapshot 1`] = `
<div>
  <div
    class="sc-AxjAm gEdKsr"
  >
    Info
  </div>
</div>
`;
