// Jest Snapshot v1, https://goo.gl/fbAQLP

exports[`ErrorMessage should match the snapshot 1`] = `
<div>
  <aside
    class="sc-AxjAm foezxt"
  >
    hello world!
  </aside>
</div>
`;
